// Jest Snapshot v1, https://goo.gl/fbAQLP

exports[`App displays repos 1`] = `
<div
  className="App"
>
  <div
    className="repo-list"
  >
    <div
      className="button-row"
    >
      <button
        className="selected"
        onClick={[Function]}
      >
        All
      </button>
      <button
        className=""
        onClick={[Function]}
      >
        English
      </button>
      <button
        className=""
        onClick={[Function]}
      >
        French
      </button>
    </div>
    <ul
      className="repo-list"
    >
      <li
        className="repo-item "
      >
        <div
          className="header"
        >
          <button
            className="name"
            onClick={[Function]}
          >
            JSONExample
          </button>
          <span
            className="description"
          >
            An example repository from a JSON file.
          </span>
          <span>
            English
          </span>
          <span>
            999
          </span>
        </div>
        <div
          className="body"
        >
          <span>
            AUTHOR: SuperWoman
          </span>
          <span>
            DATE: Tomorrow
          </span>
          <span>
            MESSAGE: Huh?
          </span>
        </div>
      </li>
      <li
        className="repo-item "
      >
        <div
          className="header"
        >
          <button
            className="name"
            onClick={[Function]}
          >
            JSONExample2
          </button>
          <span
            className="description"
          >
            An SECOND example repository from a JSON file.
          </span>
          <span>
            French
          </span>
          <span>
            888
          </span>
        </div>
        <div
          className="body"
        >
          <span>
            AUTHOR: SuperWoman
          </span>
          <span>
            DATE: Tomorrow
          </span>
          <span>
            MESSAGE: Huh?
          </span>
        </div>
      </li>
    </ul>
  </div>
</div>
`;
